c:\code\computer_picture\-ssao-\build\third_party\glew\glew.dir\release\glew.obj
c:\code\computer_picture\-ssao-\build\third_party\glew\cmakefiles\generate.stamp
c:\code\computer_picture\-ssao-\build\bin\release\glew32.dll
c:\code\computer_picture\-ssao-\build\third_party\glew\glew.dir\release\glew.res
c:\code\computer_picture\-ssao-\build\lib\release\glew32.lib
c:\code\computer_picture\-ssao-\build\lib\release\glew32.exp
c:\code\computer_picture\-ssao-\build\third_party\glew\glew.dir\release\glew.tlog\cl.command.1.tlog
c:\code\computer_picture\-ssao-\build\third_party\glew\glew.dir\release\glew.tlog\cl.items.tlog
c:\code\computer_picture\-ssao-\build\third_party\glew\glew.dir\release\glew.tlog\cl.read.1.tlog
c:\code\computer_picture\-ssao-\build\third_party\glew\glew.dir\release\glew.tlog\cl.write.1.tlog
c:\code\computer_picture\-ssao-\build\third_party\glew\glew.dir\release\glew.tlog\custombuild.command.1.tlog
c:\code\computer_picture\-ssao-\build\third_party\glew\glew.dir\release\glew.tlog\custombuild.read.1.tlog
c:\code\computer_picture\-ssao-\build\third_party\glew\glew.dir\release\glew.tlog\custombuild.write.1.tlog
c:\code\computer_picture\-ssao-\build\third_party\glew\glew.dir\release\glew.tlog\link.command.1.tlog
c:\code\computer_picture\-ssao-\build\third_party\glew\glew.dir\release\glew.tlog\link.read.1.tlog
c:\code\computer_picture\-ssao-\build\third_party\glew\glew.dir\release\glew.tlog\link.secondary.1.tlog
c:\code\computer_picture\-ssao-\build\third_party\glew\glew.dir\release\glew.tlog\link.write.1.tlog
c:\code\computer_picture\-ssao-\build\third_party\glew\glew.dir\release\glew.tlog\rc.command.1.tlog
c:\code\computer_picture\-ssao-\build\third_party\glew\glew.dir\release\glew.tlog\rc.read.1.tlog
c:\code\computer_picture\-ssao-\build\third_party\glew\glew.dir\release\glew.tlog\rc.write.1.tlog
