c:\code\computer_picture\-ssao-\build\third_party\glfw\src\glfw.dir\release\osmesa_context.obj
c:\code\computer_picture\-ssao-\build\third_party\glfw\src\glfw.dir\release\egl_context.obj
c:\code\computer_picture\-ssao-\build\third_party\glfw\src\glfw.dir\release\wgl_context.obj
c:\code\computer_picture\-ssao-\build\third_party\glfw\src\glfw.dir\release\win32_window.obj
c:\code\computer_picture\-ssao-\build\third_party\glfw\src\glfw.dir\release\win32_thread.obj
c:\code\computer_picture\-ssao-\build\third_party\glfw\src\glfw.dir\release\win32_time.obj
c:\code\computer_picture\-ssao-\build\third_party\glfw\src\glfw.dir\release\win32_monitor.obj
c:\code\computer_picture\-ssao-\build\third_party\glfw\src\glfw.dir\release\win32_joystick.obj
c:\code\computer_picture\-ssao-\build\third_party\glfw\src\glfw.dir\release\win32_init.obj
c:\code\computer_picture\-ssao-\build\third_party\glfw\src\glfw.dir\release\window.obj
c:\code\computer_picture\-ssao-\build\third_party\glfw\src\glfw.dir\release\vulkan.obj
c:\code\computer_picture\-ssao-\build\third_party\glfw\src\glfw.dir\release\monitor.obj
c:\code\computer_picture\-ssao-\build\third_party\glfw\src\glfw.dir\release\input.obj
c:\code\computer_picture\-ssao-\build\third_party\glfw\src\glfw.dir\release\init.obj
c:\code\computer_picture\-ssao-\build\third_party\glfw\src\glfw.dir\release\context.obj
c:\code\computer_picture\-ssao-\build\third_party\glfw\src\cmakefiles\generate.stamp
c:\code\computer_picture\-ssao-\build\third_party\glfw\src\release\glfw3.lib
c:\code\computer_picture\-ssao-\build\third_party\glfw\src\glfw.dir\release\glfw.tlog\cl.command.1.tlog
c:\code\computer_picture\-ssao-\build\third_party\glfw\src\glfw.dir\release\glfw.tlog\cl.items.tlog
c:\code\computer_picture\-ssao-\build\third_party\glfw\src\glfw.dir\release\glfw.tlog\cl.read.1.tlog
c:\code\computer_picture\-ssao-\build\third_party\glfw\src\glfw.dir\release\glfw.tlog\cl.write.1.tlog
c:\code\computer_picture\-ssao-\build\third_party\glfw\src\glfw.dir\release\glfw.tlog\custombuild.command.1.tlog
c:\code\computer_picture\-ssao-\build\third_party\glfw\src\glfw.dir\release\glfw.tlog\custombuild.read.1.tlog
c:\code\computer_picture\-ssao-\build\third_party\glfw\src\glfw.dir\release\glfw.tlog\custombuild.write.1.tlog
c:\code\computer_picture\-ssao-\build\third_party\glfw\src\glfw.dir\release\glfw.tlog\lib-link.read.1.tlog
c:\code\computer_picture\-ssao-\build\third_party\glfw\src\glfw.dir\release\glfw.tlog\lib-link.write.1.tlog
c:\code\computer_picture\-ssao-\build\third_party\glfw\src\glfw.dir\release\glfw.tlog\lib.command.1.tlog
