c:\code\computer_picture\-ssao-\build\src\common\common.dir\release\utils.obj
c:\code\computer_picture\-ssao-\build\src\common\common.dir\release\renderer.obj
c:\code\computer_picture\-ssao-\build\src\common\common.dir\release\framebuffer.obj
c:\code\computer_picture\-ssao-\build\src\common\common.dir\release\gltf.obj
c:\code\computer_picture\-ssao-\build\src\common\common.dir\release\texture.obj
c:\code\computer_picture\-ssao-\build\src\common\common.dir\release\data.obj
c:\code\computer_picture\-ssao-\build\src\common\common.dir\release\mesh.obj
c:\code\computer_picture\-ssao-\build\src\common\common.dir\release\shader.obj
c:\code\computer_picture\-ssao-\build\src\common\common.dir\release\application.obj
c:\code\computer_picture\-ssao-\build\src\common\cmakefiles\generate.stamp
c:\code\computer_picture\-ssao-\build\src\common\release\common.lib
c:\code\computer_picture\-ssao-\build\src\common\common.dir\release\common.tlog\cl.command.1.tlog
c:\code\computer_picture\-ssao-\build\src\common\common.dir\release\common.tlog\cl.items.tlog
c:\code\computer_picture\-ssao-\build\src\common\common.dir\release\common.tlog\cl.read.1.tlog
c:\code\computer_picture\-ssao-\build\src\common\common.dir\release\common.tlog\cl.write.1.tlog
c:\code\computer_picture\-ssao-\build\src\common\common.dir\release\common.tlog\custombuild.command.1.tlog
c:\code\computer_picture\-ssao-\build\src\common\common.dir\release\common.tlog\custombuild.read.1.tlog
c:\code\computer_picture\-ssao-\build\src\common\common.dir\release\common.tlog\custombuild.write.1.tlog
c:\code\computer_picture\-ssao-\build\src\common\common.dir\release\common.tlog\lib-link.read.1.tlog
c:\code\computer_picture\-ssao-\build\src\common\common.dir\release\common.tlog\lib-link.write.1.tlog
c:\code\computer_picture\-ssao-\build\src\common\common.dir\release\common.tlog\lib.command.1.tlog
